System.FormatException: '' is not a valid 24 digit hex string.
   at MongoDB.Bson.ObjectId.Parse(String s)
   at MongoDB.Bson.Serialization.Serializers.StringSerializer.SerializeValue(BsonSerializationContext context, BsonSerializationArgs args, String value)
   at MongoDB.Bson.Serialization.Serializers.SealedClassSerializerBase`1.Serialize(BsonSerializationContext context, BsonSerializationArgs args, TValue value)
   at MongoDB.Bson.Serialization.Serializers.SerializerBase`1.MongoDB.Bson.Serialization.IBsonSerializer.Serialize(BsonSerializationContext context, BsonSerializationArgs args, Object value)
   at MongoDB.Bson.Serialization.IBsonSerializerExtensions.Serialize(IBsonSerializer serializer, BsonSerializationContext context, Object value)
   at MongoDB.Driver.Linq.Linq3Implementation.Misc.SerializationHelper.SerializeValue(IBsonSerializer serializer, Object value)
   at MongoDB.Driver.Linq.Linq3Implementation.Misc.SerializationHelper.SerializeValue(IBsonSerializer serializer, ConstantExpression constantExpression, Expression containingExpression)
   at MongoDB.Driver.Linq.Linq3Implementation.Translators.ExpressionToFilterTranslators.ExpressionTranslators.ComparisonExpressionToFilterTranslator.Translate(TranslationContext context, BinaryExpression expression)
   at MongoDB.Driver.Linq.Linq3Implementation.Translators.ExpressionToFilterTranslators.ExpressionToFilterTranslator.TranslateUsingQueryOperators(TranslationContext context, Expression expression)
   at MongoDB.Driver.Linq.Linq3Implementation.Translators.ExpressionToFilterTranslators.ExpressionToFilterTranslator.Translate(TranslationContext context, Expression expression, Boolean exprOk)
   at MongoDB.Driver.Linq.Linq3Implementation.Translators.ExpressionToFilterTranslators.ExpressionToFilterTranslator.TranslateLambda(TranslationContext context, LambdaExpression lambdaExpression, IBsonSerializer parameterSerializer, Boolean asRoot)
   at MongoDB.Driver.Linq.LinqProviderAdapter.TranslateExpressionToFilter[TDocument](Expression`1 expression, IBsonSerializer`1 documentSerializer, IBsonSerializerRegistry serializerRegistry, ExpressionTranslationOptions translationOptions)
   at MongoDB.Driver.ExpressionFilterDefinition`1.Render(RenderArgs`1 args)
   at MongoDB.Driver.MongoCollectionImpl`1.CreateFindOperation[TProjection](FilterDefinition`1 filter, FindOptions`2 options, RenderArgs`1 renderArgs)
   at MongoDB.Driver.MongoCollectionImpl`1.FindAsync[TProjection](IClientSessionHandle session, FilterDefinition`1 filter, FindOptions`2 options, CancellationToken cancellationToken)
   at MongoDB.Driver.MongoCollectionImpl`1.<>c__DisplayClass55_0`1.<FindAsync>b__0(IClientSessionHandle session)
   at MongoDB.Driver.MongoCollectionImpl`1.UsingImplicitSessionAsync[TResult](Func`2 funcAsync, CancellationToken cancellationToken)
   at MongoDB.Driver.IAsyncCursorSourceExtensions.FirstOrDefaultAsync[TDocument](IAsyncCursorSource`1 source, CancellationToken cancellationToken)
   at EcommerceApi.Services.RecommendationService.GetRelatedProducts(String productId, String userId, Int32 limit) in D:\Thuong Mai Dien Tu\ecommerce-backend\EcommerceApi\Services\RecommendationService.cs:line 128
   at EcommerceApi.Controllers.RecommendationController.GetPersonalRecommendations(Int32 limit) in D:\Thuong Mai Dien Tu\ecommerce-backend\EcommerceApi\Controllers\RecommendationController.cs:line 29
   at Microsoft.AspNetCore.Mvc.Infrastructure.ActionMethodExecutor.TaskOfIActionResultExecutor.Execute(ActionContext actionContext, IActionResultTypeMapper mapper, ObjectMethodExecutor executor, Object controller, Object[] arguments)
   at Microsoft.AspNetCore.Mvc.Infrastructure.ControllerActionInvoker.<InvokeActionMethodAsync>g__Awaited|12_0(ControllerActionInvoker invoker, ValueTask`1 actionResultValueTask)
   at Microsoft.AspNetCore.Mvc.Infrastructure.ControllerActionInvoker.<InvokeNextActionFilterAsync>g__Awaited|10_0(ControllerActionInvoker invoker, Task lastTask, State next, Scope scope, Object state, Boolean isCompleted)
   at Microsoft.AspNetCore.Mvc.Infrastructure.ControllerActionInvoker.Rethrow(ActionExecutedContextSealed context)
   at Microsoft.AspNetCore.Mvc.Infrastructure.ControllerActionInvoker.Next(State& next, Scope& scope, Object& state, Boolean& isCompleted)
   at Microsoft.AspNetCore.Mvc.Infrastructure.ControllerActionInvoker.InvokeInnerFilterAsync()
--- End of stack trace from previous location ---
   at Microsoft.AspNetCore.Mvc.Infrastructure.ResourceInvoker.<InvokeFilterPipelineAsync>g__Awaited|20_0(ResourceInvoker invoker, Task lastTask, State next, Scope scope, Object state, Boolean isCompleted)
   at Microsoft.AspNetCore.Mvc.Infrastructure.ResourceInvoker.<InvokeAsync>g__Logged|17_1(ResourceInvoker invoker)
   at Microsoft.AspNetCore.Mvc.Infrastructure.ResourceInvoker.<InvokeAsync>g__Logged|17_1(ResourceInvoker invoker)
   at Microsoft.AspNetCore.Routing.EndpointMiddleware.<Invoke>g__AwaitRequestTask|7_0(Endpoint endpoint, Task requestTask, ILogger logger)
   at Microsoft.AspNetCore.Authorization.AuthorizationMiddleware.Invoke(HttpContext context)
   at Microsoft.AspNetCore.Authentication.AuthenticationMiddleware.Invoke(HttpContext context)
   at Swashbuckle.AspNetCore.SwaggerUI.SwaggerUIMiddleware.Invoke(HttpContext httpContext)
   at Swashbuckle.AspNetCore.Swagger.SwaggerMiddleware.Invoke(HttpContext httpContext, ISwaggerProvider swaggerProvider)
   at EcommerceApi.Middleware.ExceptionMiddleware.InvokeAsync(HttpContext context) in D:\Thuong Mai Dien Tu\ecommerce-backend\EcommerceApi\Middleware\ExceptionMiddleware.cs:line 16
System.FormatException: '' is not a valid 24 digit hex string.
   at MongoDB.Bson.ObjectId.Parse(String s)
   at MongoDB.Bson.Serialization.Serializers.StringSerializer.SerializeValue(BsonSerializationContext context, BsonSerializationArgs args, String value)
   at MongoDB.Bson.Serialization.Serializers.SealedClassSerializerBase`1.Serialize(BsonSerializationContext context, BsonSerializationArgs args, TValue value)
   at MongoDB.Bson.Serialization.Serializers.SerializerBase`1.MongoDB.Bson.Serialization.IBsonSerializer.Serialize(BsonSerializationContext context, BsonSerializationArgs args, Object value)
   at MongoDB.Bson.Serialization.IBsonSerializerExtensions.Serialize(IBsonSerializer serializer, BsonSerializationContext context, Object value)
   at MongoDB.Driver.Linq.Linq3Implementation.Misc.SerializationHelper.SerializeValue(IBsonSerializer serializer, Object value)
   at MongoDB.Driver.Linq.Linq3Implementation.Misc.SerializationHelper.SerializeValue(IBsonSerializer serializer, ConstantExpression constantExpression, Expression containingExpression)
   at MongoDB.Driver.Linq.Linq3Implementation.Translators.ExpressionToFilterTranslators.ExpressionTranslators.ComparisonExpressionToFilterTranslator.Translate(TranslationContext context, BinaryExpression expression)
   at MongoDB.Driver.Linq.Linq3Implementation.Translators.ExpressionToFilterTranslators.ExpressionToFilterTranslator.TranslateUsingQueryOperators(TranslationContext context, Expression expression)
   at MongoDB.Driver.Linq.Linq3Implementation.Translators.ExpressionToFilterTranslators.ExpressionToFilterTranslator.Translate(TranslationContext context, Expression expression, Boolean exprOk)
   at MongoDB.Driver.Linq.Linq3Implementation.Translators.ExpressionToFilterTranslators.ExpressionToFilterTranslator.TranslateLambda(TranslationContext context, LambdaExpression lambdaExpression, IBsonSerializer parameterSerializer, Boolean asRoot)
   at MongoDB.Driver.Linq.LinqProviderAdapter.TranslateExpressionToFilter[TDocument](Expression`1 expression, IBsonSerializer`1 documentSerializer, IBsonSerializerRegistry serializerRegistry, ExpressionTranslationOptions translationOptions)
   at MongoDB.Driver.ExpressionFilterDefinition`1.Render(RenderArgs`1 args)
   at MongoDB.Driver.MongoCollectionImpl`1.CreateFindOperation[TProjection](FilterDefinition`1 filter, FindOptions`2 options, RenderArgs`1 renderArgs)
   at MongoDB.Driver.MongoCollectionImpl`1.FindAsync[TProjection](IClientSessionHandle session, FilterDefinition`1 filter, FindOptions`2 options, CancellationToken cancellationToken)
   at MongoDB.Driver.MongoCollectionImpl`1.<>c__DisplayClass55_0`1.<FindAsync>b__0(IClientSessionHandle session)
   at MongoDB.Driver.MongoCollectionImpl`1.UsingImplicitSessionAsync[TResult](Func`2 funcAsync, CancellationToken cancellationToken)
   at MongoDB.Driver.IAsyncCursorSourceExtensions.FirstOrDefaultAsync[TDocument](IAsyncCursorSource`1 source, CancellationToken cancellationToken)
   at EcommerceApi.Services.RecommendationService.GetRelatedProducts(String productId, String userId, Int32 limit) in D:\Thuong Mai Dien Tu\ecommerce-backend\EcommerceApi\Services\RecommendationService.cs:line 128
   at EcommerceApi.Controllers.RecommendationController.GetPersonalRecommendations(Int32 limit) in D:\Thuong Mai Dien Tu\ecommerce-backend\EcommerceApi\Controllers\RecommendationController.cs:line 29
   at Microsoft.AspNetCore.Mvc.Infrastructure.ActionMethodExecutor.TaskOfIActionResultExecutor.Execute(ActionContext actionContext, IActionResultTypeMapper mapper, ObjectMethodExecutor executor, Object controller, Object[] arguments)
   at Microsoft.AspNetCore.Mvc.Infrastructure.ControllerActionInvoker.<InvokeActionMethodAsync>g__Awaited|12_0(ControllerActionInvoker invoker, ValueTask`1 actionResultValueTask)
   at Microsoft.AspNetCore.Mvc.Infrastructure.ControllerActionInvoker.<InvokeNextActionFilterAsync>g__Awaited|10_0(ControllerActionInvoker invoker, Task lastTask, State next, Scope scope, Object state, Boolean isCompleted)
   at Microsoft.AspNetCore.Mvc.Infrastructure.ControllerActionInvoker.Rethrow(ActionExecutedContextSealed context)
   at Microsoft.AspNetCore.Mvc.Infrastructure.ControllerActionInvoker.Next(State& next, Scope& scope, Object& state, Boolean& isCompleted)
   at Microsoft.AspNetCore.Mvc.Infrastructure.ControllerActionInvoker.InvokeInnerFilterAsync()
--- End of stack trace from previous location ---
   at Microsoft.AspNetCore.Mvc.Infrastructure.ResourceInvoker.<InvokeFilterPipelineAsync>g__Awaited|20_0(ResourceInvoker invoker, Task lastTask, State next, Scope scope, Object state, Boolean isCompleted)
   at Microsoft.AspNetCore.Mvc.Infrastructure.ResourceInvoker.<InvokeAsync>g__Logged|17_1(ResourceInvoker invoker)
   at Microsoft.AspNetCore.Mvc.Infrastructure.ResourceInvoker.<InvokeAsync>g__Logged|17_1(ResourceInvoker invoker)
   at Microsoft.AspNetCore.Routing.EndpointMiddleware.<Invoke>g__AwaitRequestTask|7_0(Endpoint endpoint, Task requestTask, ILogger logger)
   at Microsoft.AspNetCore.Authorization.AuthorizationMiddleware.Invoke(HttpContext context)
   at Microsoft.AspNetCore.Authentication.AuthenticationMiddleware.Invoke(HttpContext context)
   at Swashbuckle.AspNetCore.SwaggerUI.SwaggerUIMiddleware.Invoke(HttpContext httpContext)
   at Swashbuckle.AspNetCore.Swagger.SwaggerMiddleware.Invoke(HttpContext httpContext, ISwaggerProvider swaggerProvider)
   at EcommerceApi.Middleware.ExceptionMiddleware.InvokeAsync(HttpContext context) in D:\Thuong Mai Dien Tu\ecommerce-backend\EcommerceApi\Middleware\ExceptionMiddleware.cs:line 16
